// Jest Snapshot v1, https://goo.gl/fbAQLP

exports[`<Form /> matches saved snapshot 1`] = `
<form
  data-testid="addUserForm"
  onSubmit={[Function]}
>
  <h2>
    Request Information
  </h2>
  <input
    data-testid="name"
    onChange={[Function]}
    placeholder="Name"
    type="text"
    value=""
  />
  <input
    data-testid="email"
    onChange={[Function]}
    placeholder="Email"
    type="text"
    value=""
  />
  <input
    data-testid="number"
    onChange={[Function]}
    placeholder="Number"
    type="text"
    value=""
  />
  <div>
    <input
      checked={true}
      data-testid="checked"
      onChange={[Function]}
      onClick={[Function]}
      type="checkbox"
    />
    <p
      className="promotions"
      data-testid="promotionsP"
    >
      Receive Promotions
    </p>
  </div>
  <button
    data-testid="submitButton"
    type="submit"
  >
    Submit
  </button>
</form>
`;

exports[`<TodoList /> matches snapshot 1`] = `
<div
  className="todos--container"
>
  <h1
    className="todos--h1"
  >
    Todos
  </h1>
  <input
    onChange={[Function]}
    type="text"
    value=""
  />
  <ul />
  <button
    className="todo--button"
    onClick={[Function]}
  >
    Add Todo
  </button>
</div>
`;
